// Jest Snapshot v1, https://jestjs.io/docs/snapshot-testing

exports[`#fromData clears the canvas 1`] = `"data:image/svg+xml;base64,PHN2ZyB4bWxucz0iaHR0cDovL3d3dy53My5vcmcvMjAwMC9zdmciIHhtbG5zOnhsaW5rPSJodHRwOi8vd3d3LnczLm9yZy8xOTk5L3hsaW5rIiB2aWV3Qm94PSIwIDAgMzAwIDE1MCIgd2lkdGg9IjMwMCIgaGVpZ2h0PSIxNTAiPjxwYXRoIGQ9Ik0gMjYuMDAwLDI3LjAwMCBDIDI2LjAwMCwzMi4wMDAgMjYuMDAwLDMyLjAwMCAyNi4wMDAsMzcuMDAwIiBzdHJva2Utd2lkdGg9IjUuNDkwIiBzdHJva2U9ImJsYWNrIiBmaWxsPSJub25lIiBzdHJva2UtbGluZWNhcD0icm91bmQiPjwvcGF0aD48cGF0aCBkPSJNIDI2LjAwMCwzNy4wMDAgQyAyNi4wMDAsMzkuNTAwIDI2LjAwMCwzOS41MDAgMjYuMDAwLDQyLjAwMCIgc3Ryb2tlLXdpZHRoPSI1LjM2NSIgc3Ryb2tlPSJibGFjayIgZmlsbD0ibm9uZSIgc3Ryb2tlLWxpbmVjYXA9InJvdW5kIj48L3BhdGg+PHBhdGggZD0iTSAyNi4wMDAsNDIuMDAwIEMgMjYuMDAwLDQ1LjAwMCAyNi4wMDAsNDUuMDAwIDI2LjAwMCw0OC4wMDAiIHN0cm9rZS13aWR0aD0iNS4yNDciIHN0cm9rZT0iYmxhY2siIGZpbGw9Im5vbmUiIHN0cm9rZS1saW5lY2FwPSJyb3VuZCI+PC9wYXRoPjxwYXRoIGQ9Ik0gMjYuMDAwLDQ4LjAwMCBDIDI2LjIwNyw1MC41MTUgMjYuMDAwLDUwLjUwMCAyNi4wMDAsNTMuMDAwIiBzdHJva2Utd2lkdGg9IjUuNDEyIiBzdHJva2U9ImJsYWNrIiBmaWxsPSJub25lIiBzdHJva2UtbGluZWNhcD0icm91bmQiPjwvcGF0aD48cGF0aCBkPSJNIDI2LjAwMCw1My4wMDAgQyAyNS4yNTEsNTYuNDgyIDI1LjcwNyw1Ni41MTUgMjUuMDAwLDYwLjAwMCIgc3Ryb2tlLXdpZHRoPSI1LjA4MSIgc3Ryb2tlPSJibGFjayIgZmlsbD0ibm9uZSIgc3Ryb2tlLWxpbmVjYXA9InJvdW5kIj48L3BhdGg+PHBhdGggZD0iTSAyNS4wMDAsNjAuMDAwIEMgMjUuMDAwLDYzLjUwMCAyNC43NTEsNjMuNDgyIDI1LjAwMCw2Ny4wMDAiIHN0cm9rZS13aWR0aD0iNS4yNTEiIHN0cm9rZT0iYmxhY2siIGZpbGw9Im5vbmUiIHN0cm9rZS1saW5lY2FwPSJyb3VuZCI+PC9wYXRoPjxwYXRoIGQ9Ik0gMjUuMDAwLDY3LjAwMCBDIDIzLjUwMCw3MS41MDAgMjUuMDAwLDcwLjAwMCAyNS4wMDAsNzMuMDAwIiBzdHJva2Utd2lkdGg9IjUuMzQ0IiBzdHJva2U9ImJsYWNrIiBmaWxsPSJub25lIiBzdHJva2UtbGluZWNhcD0icm91bmQiPjwvcGF0aD48cGF0aCBkPSJNIDI1LjAwMCw3My4wMDAgQyAyOC4wMDAsNzMuMDAwIDI2LjUwMCw3NC41MDAgMzEuMDAwLDczLjAwMCIgc3Ryb2tlLXdpZHRoPSI1LjQ1NCIgc3Ryb2tlPSJibGFjayIgZmlsbD0ibm9uZSIgc3Ryb2tlLWxpbmVjYXA9InJvdW5kIj48L3BhdGg+PHBhdGggZD0iTSAzMS4wMDAsNzMuMDAwIEMgMzQuNTIyLDczLjI2OCAzNC41MDAsNzMuMDAwIDM4LjAwMCw3My4wMDAiIHN0cm9rZS13aWR0aD0iNC44NTgiIHN0cm9rZT0iYmxhY2siIGZpbGw9Im5vbmUiIHN0cm9rZS1saW5lY2FwPSJyb3VuZCI+PC9wYXRoPjxwYXRoIGQ9Ik0gMzguMDAwLDczLjAwMCBDIDQwLjk5MCw3Mi40MzAgNDEuMDIyLDcyLjc2OCA0NC4wMDAsNzIuMDAwIiBzdHJva2Utd2lkdGg9IjQuNzgyIiBzdHJva2U9ImJsYWNrIiBmaWxsPSJub25lIiBzdHJva2UtbGluZWNhcD0icm91bmQiPjwvcGF0aD48cGF0aCBkPSJNIDQ0LjAwMCw3Mi4wMDAgQyA0OC4wMTAsNzEuNTcwIDQ3Ljk5MCw3MS40MzAgNTIuMDAwLDcxLjAwMCIgc3Ryb2tlLXdpZHRoPSI0Ljg0MyIgc3Ryb2tlPSJibGFjayIgZmlsbD0ibm9uZSIgc3Ryb2tlLWxpbmVjYXA9InJvdW5kIj48L3BhdGg+PHBhdGggZD0iTSA1Mi4wMDAsNzEuMDAwIEMgNTUuMjU2LDcxLjA5OCA1NS4wMTAsNzAuNTcwIDU4LjAwMCw3MC4wMDAiIHN0cm9rZS13aWR0aD0iNS4yODMiIHN0cm9rZT0iYmxhY2siIGZpbGw9Im5vbmUiIHN0cm9rZS1saW5lY2FwPSJyb3VuZCI+PC9wYXRoPjxwYXRoIGQ9Ik0gNTguMDAwLDcwLjAwMCBDIDYxLjA5MSw2OS4wNDUgNjAuMjU2LDY5LjA5OCA2Mi4wMDAsNjcuMDAwIiBzdHJva2Utd2lkdGg9IjUuNDc3IiBzdHJva2U9ImJsYWNrIiBmaWxsPSJub25lIiBzdHJva2UtbGluZWNhcD0icm91bmQiPjwvcGF0aD48cGF0aCBkPSJNIDYyLjAwMCw2Ny4wMDAgQyA2Mi4yOTYsNjMuOTY0IDYzLjA5MSw2NC41NDUgNjIuMDAwLDYxLjAwMCIgc3Ryb2tlLXdpZHRoPSI1LjQ0MCIgc3Ryb2tlPSJibGFjayIgZmlsbD0ibm9uZSIgc3Ryb2tlLWxpbmVjYXA9InJvdW5kIj48L3BhdGg+PHBhdGggZD0iTSA2Mi4wMDAsNjEuMDAwIEMgNjEuNDA0LDU5LjAyMCA2MS43OTYsNTguOTY0IDYxLjAwMCw1Ny4wMDAiIHN0cm9rZS13aWR0aD0iNS41MTciIHN0cm9rZT0iYmxhY2siIGZpbGw9Im5vbmUiIHN0cm9rZS1saW5lY2FwPSJyb3VuZCI+PC9wYXRoPjxwYXRoIGQ9Ik0gNjEuMDAwLDU3LjAwMCBDIDYwLjUwMCw1NC4wMDAgNjAuNDA0LDU0LjAyMCA2MC4wMDAsNTEuMDAwIiBzdHJva2Utd2lkdGg9IjUuNTI1IiBzdHJva2U9ImJsYWNrIiBmaWxsPSJub25lIiBzdHJva2UtbGluZWNhcD0icm91bmQiPjwvcGF0aD48cGF0aCBkPSJNIDYwLjAwMCw1MS4wMDAgQyA1OS4yNTIsNDguMDIxIDU5LjUwMCw0OC4wMDAgNTkuMDAwLDQ1LjAwMCIgc3Ryb2tlLXdpZHRoPSI1LjQzNyIgc3Ryb2tlPSJibGFjayIgZmlsbD0ibm9uZSIgc3Ryb2tlLWxpbmVjYXA9InJvdW5kIj48L3BhdGg+PHBhdGggZD0iTSA1OS4wMDAsNDUuMDAwIEMgNTkuMDAwLDQyLjAwMCA1OC43NTIsNDIuMDIxIDU5LjAwMCwzOS4wMDAiIHN0cm9rZS13aWR0aD0iNS40NjYiIHN0cm9rZT0iYmxhY2siIGZpbGw9Im5vbmUiIHN0cm9rZS1saW5lY2FwPSJyb3VuZCI+PC9wYXRoPjxwYXRoIGQ9Ik0gNTkuMDAwLDM5LjAwMCBDIDYwLjQxNiwzNS4xMjUgNTkuMDAwLDM2LjAwMCA1OS4wMDAsMzMuMDAwIiBzdHJva2Utd2lkdGg9IjUuMTYzIiBzdHJva2U9ImJsYWNrIiBmaWxsPSJub25lIiBzdHJva2UtbGluZWNhcD0icm91bmQiPjwvcGF0aD48cGF0aCBkPSJNIDU5LjAwMCwzMy4wMDAgQyA1Ni4xNjcsMzAuNzkyIDU3LjQxNiwzMC42MjUgNTMuMDAwLDMwLjAwMCIgc3Ryb2tlLXdpZHRoPSI1LjQyNSIgc3Ryb2tlPSJibGFjayIgZmlsbD0ibm9uZSIgc3Ryb2tlLWxpbmVjYXA9InJvdW5kIj48L3BhdGg+PHBhdGggZD0iTSA1My4wMDAsMzAuMDAwIEMgNTAuMDAwLDMwLjAwMCA1MC4xNjcsMjkuMjkyIDQ3LjAwMCwzMC4wMDAiIHN0cm9rZS13aWR0aD0iNS4xMzciIHN0cm9rZT0iYmxhY2siIGZpbGw9Im5vbmUiIHN0cm9rZS1saW5lY2FwPSJyb3VuZCI+PC9wYXRoPjxwYXRoIGQ9Ik0gNDcuMDAwLDMwLjAwMCBDIDQ0LjUwMCwzMC4wMDAgNDQuNTAwLDMwLjAwMCA0Mi4wMDAsMzAuMDAwIiBzdHJva2Utd2lkdGg9IjUuMzAyIiBzdHJva2U9ImJsYWNrIiBmaWxsPSJub25lIiBzdHJva2UtbGluZWNhcD0icm91bmQiPjwvcGF0aD48cGF0aCBkPSJNIDQyLjAwMCwzMC4wMDAgQyAzOC41MDAsMzAuMDAwIDM4LjUwMCwzMC4wMDAgMzUuMDAwLDMwLjAwMCIgc3Ryb2tlLXdpZHRoPSI1LjI3MyIgc3Ryb2tlPSJibGFjayIgZmlsbD0ibm9uZSIgc3Ryb2tlLWxpbmVjYXA9InJvdW5kIj48L3BhdGg+PC9zdmc+"`;

exports[`#fromData does not clear the canvas 1`] = `"data:image/svg+xml;base64,PHN2ZyB4bWxucz0iaHR0cDovL3d3dy53My5vcmcvMjAwMC9zdmciIHhtbG5zOnhsaW5rPSJodHRwOi8vd3d3LnczLm9yZy8xOTk5L3hsaW5rIiB2aWV3Qm94PSIwIDAgMzAwIDE1MCIgd2lkdGg9IjMwMCIgaGVpZ2h0PSIxNTAiPjxjaXJjbGUgcj0iMS41IiBjeD0iMTI1IiBjeT0iNTQiIGZpbGw9ImJsYWNrIj48L2NpcmNsZT48Y2lyY2xlIHI9IjEuNSIgY3g9IjE3NSIgY3k9IjU0IiBmaWxsPSJibGFjayI+PC9jaXJjbGU+PHBhdGggZD0iTSA4My4wMDAsNTcuMDAwIEMgODMuMTc0LDYwLjUxMCA4NC4wMDAsNjAuMDAwIDg1LjAwMCw2My4wMDAiIHN0cm9rZS13aWR0aD0iNS41MDgiIHN0cm9rZT0iYmxhY2siIGZpbGw9Im5vbmUiIHN0cm9rZS1saW5lY2FwPSJyb3VuZCI+PC9wYXRoPjxwYXRoIGQ9Ik0gODUuMDAwLDYzLjAwMCBDIDg5LjA2MCw2OC4wNDggODguNjc0LDY4LjAxMCA5NC4wMDAsNzIuMDAwIiBzdHJva2Utd2lkdGg9IjQuNDA3IiBzdHJva2U9ImJsYWNrIiBmaWxsPSJub25lIiBzdHJva2UtbGluZWNhcD0icm91bmQiPjwvcGF0aD48cGF0aCBkPSJNIDk0LjAwMCw3Mi4wMDAgQyA5OS40ODgsNzUuNTE5IDk5LjA2MCw3Ni4wNDggMTA1LjAwMCw3OS4wMDAiIHN0cm9rZS13aWR0aD0iMy40MDIiIHN0cm9rZT0iYmxhY2siIGZpbGw9Im5vbmUiIHN0cm9rZS1saW5lY2FwPSJyb3VuZCI+PC9wYXRoPjxwYXRoIGQ9Ik0gMTA1LjAwMCw3OS4wMDAgQyAxMDguNzAwLDgyLjE1NyAxMDguOTg4LDgxLjUxOSAxMTMuMDAwLDg0LjAwMCIgc3Ryb2tlLXdpZHRoPSIzLjQ5NyIgc3Ryb2tlPSJibGFjayIgZmlsbD0ibm9uZSIgc3Ryb2tlLWxpbmVjYXA9InJvdW5kIj48L3BhdGg+PHBhdGggZD0iTSAxMTMuMDAwLDg0LjAwMCBDIDExOS41MDAsODYuMDAwIDExOS4yMDAsODYuNjU3IDEyNi4wMDAsODguMDAwIiBzdHJva2Utd2lkdGg9IjMuMjI4IiBzdHJva2U9ImJsYWNrIiBmaWxsPSJub25lIiBzdHJva2UtbGluZWNhcD0icm91bmQiPjwvcGF0aD48cGF0aCBkPSJNIDEyNi4wMDAsODguMDAwIEMgMTMyLjQwMiw5MC40MTYgMTMyLjUwMCw5MC4wMDAgMTM5LjAwMCw5Mi4wMDAiIHN0cm9rZS13aWR0aD0iMy4yMTEiIHN0cm9rZT0iYmxhY2siIGZpbGw9Im5vbmUiIHN0cm9rZS1saW5lY2FwPSJyb3VuZCI+PC9wYXRoPjxwYXRoIGQ9Ik0gMTM5LjAwMCw5Mi4wMDAgQyAxNDQuOTYxLDkzLjQ3NSAxNDQuOTAyLDkzLjQxNiAxNTEuMDAwLDk0LjAwMCIgc3Ryb2tlLXdpZHRoPSIzLjI1OCIgc3Ryb2tlPSJibGFjayIgZmlsbD0ibm9uZSIgc3Ryb2tlLWxpbmVjYXA9InJvdW5kIj48L3BhdGg+PHBhdGggZD0iTSAxNTEuMDAwLDk0LjAwMCBDIDE1Ni41NjksOTQuNjUyIDE1Ni40NjEsOTQuNDc1IDE2Mi4wMDAsOTQuMDAwIiBzdHJva2Utd2lkdGg9IjMuMzY2IiBzdHJva2U9ImJsYWNrIiBmaWxsPSJub25lIiBzdHJva2UtbGluZWNhcD0icm91bmQiPjwvcGF0aD48cGF0aCBkPSJNIDE2Mi4wMDAsOTQuMDAwIEMgMTY4Ljk5Miw5Mi40NjAgMTY5LjA2OSw5My4xNTIgMTc2LjAwMCw5MS4wMDAiIHN0cm9rZS13aWR0aD0iMy4wNzgiIHN0cm9rZT0iYmxhY2siIGZpbGw9Im5vbmUiIHN0cm9rZS1saW5lY2FwPSJyb3VuZCI+PC9wYXRoPjxwYXRoIGQ9Ik0gMTc2LjAwMCw5MS4wMDAgQyAxODEuMDcyLDkwLjI4NSAxODAuOTkyLDg5Ljk2MCAxODYuMDAwLDg5LjAwMCIgc3Ryb2tlLXdpZHRoPSIzLjM3MiIgc3Ryb2tlPSJibGFjayIgZmlsbD0ibm9uZSIgc3Ryb2tlLWxpbmVjYXA9InJvdW5kIj48L3BhdGg+PHBhdGggZD0iTSAxODYuMDAwLDg5LjAwMCBDIDE5Mi41ODIsODcuMjMyIDE5Mi41NzIsODcuMjg1IDE5OS4wMDAsODUuMDAwIiBzdHJva2Utd2lkdGg9IjMuMTMzIiBzdHJva2U9ImJsYWNrIiBmaWxsPSJub25lIiBzdHJva2UtbGluZWNhcD0icm91bmQiPjwvcGF0aD48cGF0aCBkPSJNIDE5OS4wMDAsODUuMDAwIEMgMjA0LjI5Nyw4My41NjUgMjA0LjA4Miw4My4yMzIgMjA5LjAwMCw4MS4wMDAiIHN0cm9rZS13aWR0aD0iMy4yOTAiIHN0cm9rZT0iYmxhY2siIGZpbGw9Im5vbmUiIHN0cm9rZS1saW5lY2FwPSJyb3VuZCI+PC9wYXRoPjxwYXRoIGQ9Ik0gMjA5LjAwMCw4MS4wMDAgQyAyMTUuMzM0LDc3LjQwNyAyMTUuMjk3LDc3LjU2NSAyMjEuMDAwLDczLjAwMCIgc3Ryb2tlLXdpZHRoPSIzLjExMyIgc3Ryb2tlPSJibGFjayIgZmlsbD0ibm9uZSIgc3Ryb2tlLWxpbmVjYXA9InJvdW5kIj48L3BhdGg+PHBhdGggZD0iTSAyMjEuMDAwLDczLjAwMCBDIDIyNC4xMTUsNzAuMTA3IDIyNC4zMzQsNzAuNDA3IDIyNy4wMDAsNjcuMDAwIiBzdHJva2Utd2lkdGg9IjMuNTM1IiBzdHJva2U9ImJsYWNrIiBmaWxsPSJub25lIiBzdHJva2UtbGluZWNhcD0icm91bmQiPjwvcGF0aD48cGF0aCBkPSJNIDI2LjAwMCwyNy4wMDAgQyAyNi4wMDAsMzIuMDAwIDI2LjAwMCwzMi4wMDAgMjYuMDAwLDM3LjAwMCIgc3Ryb2tlLXdpZHRoPSI1LjQ5MCIgc3Ryb2tlPSJibGFjayIgZmlsbD0ibm9uZSIgc3Ryb2tlLWxpbmVjYXA9InJvdW5kIj48L3BhdGg+PHBhdGggZD0iTSAyNi4wMDAsMzcuMDAwIEMgMjYuMDAwLDM5LjUwMCAyNi4wMDAsMzkuNTAwIDI2LjAwMCw0Mi4wMDAiIHN0cm9rZS13aWR0aD0iNS4zNjUiIHN0cm9rZT0iYmxhY2siIGZpbGw9Im5vbmUiIHN0cm9rZS1saW5lY2FwPSJyb3VuZCI+PC9wYXRoPjxwYXRoIGQ9Ik0gMjYuMDAwLDQyLjAwMCBDIDI2LjAwMCw0NS4wMDAgMjYuMDAwLDQ1LjAwMCAyNi4wMDAsNDguMDAwIiBzdHJva2Utd2lkdGg9IjUuMjQ3IiBzdHJva2U9ImJsYWNrIiBmaWxsPSJub25lIiBzdHJva2UtbGluZWNhcD0icm91bmQiPjwvcGF0aD48cGF0aCBkPSJNIDI2LjAwMCw0OC4wMDAgQyAyNi4yMDcsNTAuNTE1IDI2LjAwMCw1MC41MDAgMjYuMDAwLDUzLjAwMCIgc3Ryb2tlLXdpZHRoPSI1LjQxMiIgc3Ryb2tlPSJibGFjayIgZmlsbD0ibm9uZSIgc3Ryb2tlLWxpbmVjYXA9InJvdW5kIj48L3BhdGg+PHBhdGggZD0iTSAyNi4wMDAsNTMuMDAwIEMgMjUuMjUxLDU2LjQ4MiAyNS43MDcsNTYuNTE1IDI1LjAwMCw2MC4wMDAiIHN0cm9rZS13aWR0aD0iNS4wODEiIHN0cm9rZT0iYmxhY2siIGZpbGw9Im5vbmUiIHN0cm9rZS1saW5lY2FwPSJyb3VuZCI+PC9wYXRoPjxwYXRoIGQ9Ik0gMjUuMDAwLDYwLjAwMCBDIDI1LjAwMCw2My41MDAgMjQuNzUxLDYzLjQ4MiAyNS4wMDAsNjcuMDAwIiBzdHJva2Utd2lkdGg9IjUuMjUxIiBzdHJva2U9ImJsYWNrIiBmaWxsPSJub25lIiBzdHJva2UtbGluZWNhcD0icm91bmQiPjwvcGF0aD48cGF0aCBkPSJNIDI1LjAwMCw2Ny4wMDAgQyAyMy41MDAsNzEuNTAwIDI1LjAwMCw3MC4wMDAgMjUuMDAwLDczLjAwMCIgc3Ryb2tlLXdpZHRoPSI1LjM0NCIgc3Ryb2tlPSJibGFjayIgZmlsbD0ibm9uZSIgc3Ryb2tlLWxpbmVjYXA9InJvdW5kIj48L3BhdGg+PHBhdGggZD0iTSAyNS4wMDAsNzMuMDAwIEMgMjguMDAwLDczLjAwMCAyNi41MDAsNzQuNTAwIDMxLjAwMCw3My4wMDAiIHN0cm9rZS13aWR0aD0iNS40NTQiIHN0cm9rZT0iYmxhY2siIGZpbGw9Im5vbmUiIHN0cm9rZS1saW5lY2FwPSJyb3VuZCI+PC9wYXRoPjxwYXRoIGQ9Ik0gMzEuMDAwLDczLjAwMCBDIDM0LjUyMiw3My4yNjggMzQuNTAwLDczLjAwMCAzOC4wMDAsNzMuMDAwIiBzdHJva2Utd2lkdGg9IjQuODU4IiBzdHJva2U9ImJsYWNrIiBmaWxsPSJub25lIiBzdHJva2UtbGluZWNhcD0icm91bmQiPjwvcGF0aD48cGF0aCBkPSJNIDM4LjAwMCw3My4wMDAgQyA0MC45OTAsNzIuNDMwIDQxLjAyMiw3Mi43NjggNDQuMDAwLDcyLjAwMCIgc3Ryb2tlLXdpZHRoPSI0Ljc4MiIgc3Ryb2tlPSJibGFjayIgZmlsbD0ibm9uZSIgc3Ryb2tlLWxpbmVjYXA9InJvdW5kIj48L3BhdGg+PHBhdGggZD0iTSA0NC4wMDAsNzIuMDAwIEMgNDguMDEwLDcxLjU3MCA0Ny45OTAsNzEuNDMwIDUyLjAwMCw3MS4wMDAiIHN0cm9rZS13aWR0aD0iNC44NDMiIHN0cm9rZT0iYmxhY2siIGZpbGw9Im5vbmUiIHN0cm9rZS1saW5lY2FwPSJyb3VuZCI+PC9wYXRoPjxwYXRoIGQ9Ik0gNTIuMDAwLDcxLjAwMCBDIDU1LjI1Niw3MS4wOTggNTUuMDEwLDcwLjU3MCA1OC4wMDAsNzAuMDAwIiBzdHJva2Utd2lkdGg9IjUuMjgzIiBzdHJva2U9ImJsYWNrIiBmaWxsPSJub25lIiBzdHJva2UtbGluZWNhcD0icm91bmQiPjwvcGF0aD48cGF0aCBkPSJNIDU4LjAwMCw3MC4wMDAgQyA2MS4wOTEsNjkuMDQ1IDYwLjI1Niw2OS4wOTggNjIuMDAwLDY3LjAwMCIgc3Ryb2tlLXdpZHRoPSI1LjQ3NyIgc3Ryb2tlPSJibGFjayIgZmlsbD0ibm9uZSIgc3Ryb2tlLWxpbmVjYXA9InJvdW5kIj48L3BhdGg+PHBhdGggZD0iTSA2Mi4wMDAsNjcuMDAwIEMgNjIuMjk2LDYzLjk2NCA2My4wOTEsNjQuNTQ1IDYyLjAwMCw2MS4wMDAiIHN0cm9rZS13aWR0aD0iNS40NDAiIHN0cm9rZT0iYmxhY2siIGZpbGw9Im5vbmUiIHN0cm9rZS1saW5lY2FwPSJyb3VuZCI+PC9wYXRoPjxwYXRoIGQ9Ik0gNjIuMDAwLDYxLjAwMCBDIDYxLjQwNCw1OS4wMjAgNjEuNzk2LDU4Ljk2NCA2MS4wMDAsNTcuMDAwIiBzdHJva2Utd2lkdGg9IjUuNTE3IiBzdHJva2U9ImJsYWNrIiBmaWxsPSJub25lIiBzdHJva2UtbGluZWNhcD0icm91bmQiPjwvcGF0aD48cGF0aCBkPSJNIDYxLjAwMCw1Ny4wMDAgQyA2MC41MDAsNTQuMDAwIDYwLjQwNCw1NC4wMjAgNjAuMDAwLDUxLjAwMCIgc3Ryb2tlLXdpZHRoPSI1LjUyNSIgc3Ryb2tlPSJibGFjayIgZmlsbD0ibm9uZSIgc3Ryb2tlLWxpbmVjYXA9InJvdW5kIj48L3BhdGg+PHBhdGggZD0iTSA2MC4wMDAsNTEuMDAwIEMgNTkuMjUyLDQ4LjAyMSA1OS41MDAsNDguMDAwIDU5LjAwMCw0NS4wMDAiIHN0cm9rZS13aWR0aD0iNS40MzciIHN0cm9rZT0iYmxhY2siIGZpbGw9Im5vbmUiIHN0cm9rZS1saW5lY2FwPSJyb3VuZCI+PC9wYXRoPjxwYXRoIGQ9Ik0gNTkuMDAwLDQ1LjAwMCBDIDU5LjAwMCw0Mi4wMDAgNTguNzUyLDQyLjAyMSA1OS4wMDAsMzkuMDAwIiBzdHJva2Utd2lkdGg9IjUuNDY2IiBzdHJva2U9ImJsYWNrIiBmaWxsPSJub25lIiBzdHJva2UtbGluZWNhcD0icm91bmQiPjwvcGF0aD48cGF0aCBkPSJNIDU5LjAwMCwzOS4wMDAgQyA2MC40MTYsMzUuMTI1IDU5LjAwMCwzNi4wMDAgNTkuMDAwLDMzLjAwMCIgc3Ryb2tlLXdpZHRoPSI1LjE2MyIgc3Ryb2tlPSJibGFjayIgZmlsbD0ibm9uZSIgc3Ryb2tlLWxpbmVjYXA9InJvdW5kIj48L3BhdGg+PHBhdGggZD0iTSA1OS4wMDAsMzMuMDAwIEMgNTYuMTY3LDMwLjc5MiA1Ny40MTYsMzAuNjI1IDUzLjAwMCwzMC4wMDAiIHN0cm9rZS13aWR0aD0iNS40MjUiIHN0cm9rZT0iYmxhY2siIGZpbGw9Im5vbmUiIHN0cm9rZS1saW5lY2FwPSJyb3VuZCI+PC9wYXRoPjxwYXRoIGQ9Ik0gNTMuMDAwLDMwLjAwMCBDIDUwLjAwMCwzMC4wMDAgNTAuMTY3LDI5LjI5MiA0Ny4wMDAsMzAuMDAwIiBzdHJva2Utd2lkdGg9IjUuMTM3IiBzdHJva2U9ImJsYWNrIiBmaWxsPSJub25lIiBzdHJva2UtbGluZWNhcD0icm91bmQiPjwvcGF0aD48cGF0aCBkPSJNIDQ3LjAwMCwzMC4wMDAgQyA0NC41MDAsMzAuMDAwIDQ0LjUwMCwzMC4wMDAgNDIuMDAwLDMwLjAwMCIgc3Ryb2tlLXdpZHRoPSI1LjMwMiIgc3Ryb2tlPSJibGFjayIgZmlsbD0ibm9uZSIgc3Ryb2tlLWxpbmVjYXA9InJvdW5kIj48L3BhdGg+PHBhdGggZD0iTSA0Mi4wMDAsMzAuMDAwIEMgMzguNTAwLDMwLjAwMCAzOC41MDAsMzAuMDAwIDM1LjAwMCwzMC4wMDAiIHN0cm9rZS13aWR0aD0iNS4yNzMiIHN0cm9rZT0iYmxhY2siIGZpbGw9Im5vbmUiIHN0cm9rZS1saW5lY2FwPSJyb3VuZCI+PC9wYXRoPjwvc3ZnPg=="`;

exports[`#redraw redraws the canvas 1`] = `"data:image/svg+xml;base64,PHN2ZyB4bWxucz0iaHR0cDovL3d3dy53My5vcmcvMjAwMC9zdmciIHhtbG5zOnhsaW5rPSJodHRwOi8vd3d3LnczLm9yZy8xOTk5L3hsaW5rIiB2aWV3Qm94PSIwIDAgMzAwIDE1MCIgd2lkdGg9IjMwMCIgaGVpZ2h0PSIxNTAiPjxjaXJjbGUgcj0iMS41IiBjeD0iMTI1IiBjeT0iNTQiIGZpbGw9ImJsYWNrIj48L2NpcmNsZT48Y2lyY2xlIHI9IjEuNSIgY3g9IjE3NSIgY3k9IjU0IiBmaWxsPSJibGFjayI+PC9jaXJjbGU+PHBhdGggZD0iTSA4My4wMDAsNTcuMDAwIEMgODMuMTc0LDYwLjUxMCA4NC4wMDAsNjAuMDAwIDg1LjAwMCw2My4wMDAiIHN0cm9rZS13aWR0aD0iNS41MDgiIHN0cm9rZT0iYmxhY2siIGZpbGw9Im5vbmUiIHN0cm9rZS1saW5lY2FwPSJyb3VuZCI+PC9wYXRoPjxwYXRoIGQ9Ik0gODUuMDAwLDYzLjAwMCBDIDg5LjA2MCw2OC4wNDggODguNjc0LDY4LjAxMCA5NC4wMDAsNzIuMDAwIiBzdHJva2Utd2lkdGg9IjQuNDA3IiBzdHJva2U9ImJsYWNrIiBmaWxsPSJub25lIiBzdHJva2UtbGluZWNhcD0icm91bmQiPjwvcGF0aD48cGF0aCBkPSJNIDk0LjAwMCw3Mi4wMDAgQyA5OS40ODgsNzUuNTE5IDk5LjA2MCw3Ni4wNDggMTA1LjAwMCw3OS4wMDAiIHN0cm9rZS13aWR0aD0iMy40MDIiIHN0cm9rZT0iYmxhY2siIGZpbGw9Im5vbmUiIHN0cm9rZS1saW5lY2FwPSJyb3VuZCI+PC9wYXRoPjxwYXRoIGQ9Ik0gMTA1LjAwMCw3OS4wMDAgQyAxMDguNzAwLDgyLjE1NyAxMDguOTg4LDgxLjUxOSAxMTMuMDAwLDg0LjAwMCIgc3Ryb2tlLXdpZHRoPSIzLjQ5NyIgc3Ryb2tlPSJibGFjayIgZmlsbD0ibm9uZSIgc3Ryb2tlLWxpbmVjYXA9InJvdW5kIj48L3BhdGg+PHBhdGggZD0iTSAxMTMuMDAwLDg0LjAwMCBDIDExOS41MDAsODYuMDAwIDExOS4yMDAsODYuNjU3IDEyNi4wMDAsODguMDAwIiBzdHJva2Utd2lkdGg9IjMuMjI4IiBzdHJva2U9ImJsYWNrIiBmaWxsPSJub25lIiBzdHJva2UtbGluZWNhcD0icm91bmQiPjwvcGF0aD48cGF0aCBkPSJNIDEyNi4wMDAsODguMDAwIEMgMTMyLjQwMiw5MC40MTYgMTMyLjUwMCw5MC4wMDAgMTM5LjAwMCw5Mi4wMDAiIHN0cm9rZS13aWR0aD0iMy4yMTEiIHN0cm9rZT0iYmxhY2siIGZpbGw9Im5vbmUiIHN0cm9rZS1saW5lY2FwPSJyb3VuZCI+PC9wYXRoPjxwYXRoIGQ9Ik0gMTM5LjAwMCw5Mi4wMDAgQyAxNDQuOTYxLDkzLjQ3NSAxNDQuOTAyLDkzLjQxNiAxNTEuMDAwLDk0LjAwMCIgc3Ryb2tlLXdpZHRoPSIzLjI1OCIgc3Ryb2tlPSJibGFjayIgZmlsbD0ibm9uZSIgc3Ryb2tlLWxpbmVjYXA9InJvdW5kIj48L3BhdGg+PHBhdGggZD0iTSAxNTEuMDAwLDk0LjAwMCBDIDE1Ni41NjksOTQuNjUyIDE1Ni40NjEsOTQuNDc1IDE2Mi4wMDAsOTQuMDAwIiBzdHJva2Utd2lkdGg9IjMuMzY2IiBzdHJva2U9ImJsYWNrIiBmaWxsPSJub25lIiBzdHJva2UtbGluZWNhcD0icm91bmQiPjwvcGF0aD48cGF0aCBkPSJNIDE2Mi4wMDAsOTQuMDAwIEMgMTY4Ljk5Miw5Mi40NjAgMTY5LjA2OSw5My4xNTIgMTc2LjAwMCw5MS4wMDAiIHN0cm9rZS13aWR0aD0iMy4wNzgiIHN0cm9rZT0iYmxhY2siIGZpbGw9Im5vbmUiIHN0cm9rZS1saW5lY2FwPSJyb3VuZCI+PC9wYXRoPjxwYXRoIGQ9Ik0gMTc2LjAwMCw5MS4wMDAgQyAxODEuMDcyLDkwLjI4NSAxODAuOTkyLDg5Ljk2MCAxODYuMDAwLDg5LjAwMCIgc3Ryb2tlLXdpZHRoPSIzLjM3MiIgc3Ryb2tlPSJibGFjayIgZmlsbD0ibm9uZSIgc3Ryb2tlLWxpbmVjYXA9InJvdW5kIj48L3BhdGg+PHBhdGggZD0iTSAxODYuMDAwLDg5LjAwMCBDIDE5Mi41ODIsODcuMjMyIDE5Mi41NzIsODcuMjg1IDE5OS4wMDAsODUuMDAwIiBzdHJva2Utd2lkdGg9IjMuMTMzIiBzdHJva2U9ImJsYWNrIiBmaWxsPSJub25lIiBzdHJva2UtbGluZWNhcD0icm91bmQiPjwvcGF0aD48cGF0aCBkPSJNIDE5OS4wMDAsODUuMDAwIEMgMjA0LjI5Nyw4My41NjUgMjA0LjA4Miw4My4yMzIgMjA5LjAwMCw4MS4wMDAiIHN0cm9rZS13aWR0aD0iMy4yOTAiIHN0cm9rZT0iYmxhY2siIGZpbGw9Im5vbmUiIHN0cm9rZS1saW5lY2FwPSJyb3VuZCI+PC9wYXRoPjxwYXRoIGQ9Ik0gMjA5LjAwMCw4MS4wMDAgQyAyMTUuMzM0LDc3LjQwNyAyMTUuMjk3LDc3LjU2NSAyMjEuMDAwLDczLjAwMCIgc3Ryb2tlLXdpZHRoPSIzLjExMyIgc3Ryb2tlPSJibGFjayIgZmlsbD0ibm9uZSIgc3Ryb2tlLWxpbmVjYXA9InJvdW5kIj48L3BhdGg+PHBhdGggZD0iTSAyMjEuMDAwLDczLjAwMCBDIDIyNC4xMTUsNzAuMTA3IDIyNC4zMzQsNzAuNDA3IDIyNy4wMDAsNjcuMDAwIiBzdHJva2Utd2lkdGg9IjMuNTM1IiBzdHJva2U9ImJsYWNrIiBmaWxsPSJub25lIiBzdHJva2UtbGluZWNhcD0icm91bmQiPjwvcGF0aD48L3N2Zz4="`;

exports[`#redraw redraws the dataurl with options 1`] = `"data:image/svg+xml;base64,PHN2ZyB4bWxucz0iaHR0cDovL3d3dy53My5vcmcvMjAwMC9zdmciIHhtbG5zOnhsaW5rPSJodHRwOi8vd3d3LnczLm9yZy8xOTk5L3hsaW5rIiB2aWV3Qm94PSIwIDAgMzAwIDE1MCIgd2lkdGg9IjMwMCIgaGVpZ2h0PSIxNTAiPjxpbWFnZSB4PSIwIiB5PSIwIiB3aWR0aD0iMTAwIiBoZWlnaHQ9IjEwMCIgcHJlc2VydmVhc3BlY3RyYXRpbz0ibm9uZSIgaHJlZj0iZGF0YTppbWFnZS9zdmcreG1sO2Jhc2U2NCxQSE4yWnlCNGJXeHVjejBpYUhSMGNEb3ZMM2QzZHk1M015NXZjbWN2TWpBd01DOXpkbWNpSUhodGJHNXpPbmhzYVc1clBTSm9kSFJ3T2k4dmQzZDNMbmN6TG05eVp5OHhPVGs1TDNoc2FXNXJJaUIyYVdWM1FtOTRQU0l3SURBZ016QXdJREUxTUNJZ2QybGtkR2c5SWpNd01DSWdhR1ZwWjJoMFBTSXhOVEFpUGp4amFYSmpiR1VnY2owaU1TNDFJaUJqZUQwaU1USTFJaUJqZVQwaU5UUWlJR1pwYkd3OUltSnNZV05ySWo0OEwyTnBjbU5zWlQ0OFkybHlZMnhsSUhJOUlqRXVOU0lnWTNnOUlqRTNOU0lnWTNrOUlqVTBJaUJtYVd4c1BTSmliR0ZqYXlJK1BDOWphWEpqYkdVK1BIQmhkR2dnWkQwaVRTQTRNeTR3TURBc05UY3VNREF3SUVNZ09ETXVNVGMwTERZd0xqVXhNQ0E0TkM0d01EQXNOakF1TURBd0lEZzFMakF3TUN3Mk15NHdNREFpSUhOMGNtOXJaUzEzYVdSMGFEMGlOUzQxTURnaUlITjBjbTlyWlQwaVlteGhZMnNpSUdacGJHdzlJbTV2Ym1VaUlITjBjbTlyWlMxc2FXNWxZMkZ3UFNKeWIzVnVaQ0krUEM5d1lYUm9Qanh3WVhSb0lHUTlJazBnT0RVdU1EQXdMRFl6TGpBd01DQkRJRGc1TGpBMk1DdzJPQzR3TkRnZ09EZ3VOamMwTERZNExqQXhNQ0E1TkM0d01EQXNOekl1TURBd0lpQnpkSEp2YTJVdGQybGtkR2c5SWpRdU5EQTNJaUJ6ZEhKdmEyVTlJbUpzWVdOcklpQm1hV3hzUFNKdWIyNWxJaUJ6ZEhKdmEyVXRiR2x1WldOaGNEMGljbTkxYm1RaVBqd3ZjR0YwYUQ0OGNHRjBhQ0JrUFNKTklEazBMakF3TUN3M01pNHdNREFnUXlBNU9TNDBPRGdzTnpVdU5URTVJRGs1TGpBMk1DdzNOaTR3TkRnZ01UQTFMakF3TUN3M09TNHdNREFpSUhOMGNtOXJaUzEzYVdSMGFEMGlNeTQwTURJaUlITjBjbTlyWlQwaVlteGhZMnNpSUdacGJHdzlJbTV2Ym1VaUlITjBjbTlyWlMxc2FXNWxZMkZ3UFNKeWIzVnVaQ0krUEM5d1lYUm9Qanh3WVhSb0lHUTlJazBnTVRBMUxqQXdNQ3czT1M0d01EQWdReUF4TURndU56QXdMRGd5TGpFMU55QXhNRGd1T1RnNExEZ3hMalV4T1NBeE1UTXVNREF3TERnMExqQXdNQ0lnYzNSeWIydGxMWGRwWkhSb1BTSXpMalE1TnlJZ2MzUnliMnRsUFNKaWJHRmpheUlnWm1sc2JEMGlibTl1WlNJZ2MzUnliMnRsTFd4cGJtVmpZWEE5SW5KdmRXNWtJajQ4TDNCaGRHZytQSEJoZEdnZ1pEMGlUU0F4TVRNdU1EQXdMRGcwTGpBd01DQkRJREV4T1M0MU1EQXNPRFl1TURBd0lERXhPUzR5TURBc09EWXVOalUzSURFeU5pNHdNREFzT0RndU1EQXdJaUJ6ZEhKdmEyVXRkMmxrZEdnOUlqTXVNakk0SWlCemRISnZhMlU5SW1Kc1lXTnJJaUJtYVd4c1BTSnViMjVsSWlCemRISnZhMlV0YkdsdVpXTmhjRDBpY205MWJtUWlQand2Y0dGMGFENDhjR0YwYUNCa1BTSk5JREV5Tmk0d01EQXNPRGd1TURBd0lFTWdNVE15TGpRd01pdzVNQzQwTVRZZ01UTXlMalV3TUN3NU1DNHdNREFnTVRNNUxqQXdNQ3c1TWk0d01EQWlJSE4wY205clpTMTNhV1IwYUQwaU15NHlNVEVpSUhOMGNtOXJaVDBpWW14aFkyc2lJR1pwYkd3OUltNXZibVVpSUhOMGNtOXJaUzFzYVc1bFkyRndQU0p5YjNWdVpDSStQQzl3WVhSb1BqeHdZWFJvSUdROUlrMGdNVE01TGpBd01DdzVNaTR3TURBZ1F5QXhORFF1T1RZeExEa3pMalEzTlNBeE5EUXVPVEF5TERrekxqUXhOaUF4TlRFdU1EQXdMRGswTGpBd01DSWdjM1J5YjJ0bExYZHBaSFJvUFNJekxqSTFPQ0lnYzNSeWIydGxQU0ppYkdGamF5SWdabWxzYkQwaWJtOXVaU0lnYzNSeWIydGxMV3hwYm1WallYQTlJbkp2ZFc1a0lqNDhMM0JoZEdnK1BIQmhkR2dnWkQwaVRTQXhOVEV1TURBd0xEazBMakF3TUNCRElERTFOaTQxTmprc09UUXVOalV5SURFMU5pNDBOakVzT1RRdU5EYzFJREUyTWk0d01EQXNPVFF1TURBd0lpQnpkSEp2YTJVdGQybGtkR2c5SWpNdU16WTJJaUJ6ZEhKdmEyVTlJbUpzWVdOcklpQm1hV3hzUFNKdWIyNWxJaUJ6ZEhKdmEyVXRiR2x1WldOaGNEMGljbTkxYm1RaVBqd3ZjR0YwYUQ0OGNHRjBhQ0JrUFNKTklERTJNaTR3TURBc09UUXVNREF3SUVNZ01UWTRMams1TWl3NU1pNDBOakFnTVRZNUxqQTJPU3c1TXk0eE5USWdNVGMyTGpBd01DdzVNUzR3TURBaUlITjBjbTlyWlMxM2FXUjBhRDBpTXk0d056Z2lJSE4wY205clpUMGlZbXhoWTJzaUlHWnBiR3c5SW01dmJtVWlJSE4wY205clpTMXNhVzVsWTJGd1BTSnliM1Z1WkNJK1BDOXdZWFJvUGp4d1lYUm9JR1E5SWswZ01UYzJMakF3TUN3NU1TNHdNREFnUXlBeE9ERXVNRGN5TERrd0xqSTROU0F4T0RBdU9Ua3lMRGc1TGprMk1DQXhPRFl1TURBd0xEZzVMakF3TUNJZ2MzUnliMnRsTFhkcFpIUm9QU0l6TGpNM01pSWdjM1J5YjJ0bFBTSmliR0ZqYXlJZ1ptbHNiRDBpYm05dVpTSWdjM1J5YjJ0bExXeHBibVZqWVhBOUluSnZkVzVrSWo0OEwzQmhkR2crUEhCaGRHZ2daRDBpVFNBeE9EWXVNREF3TERnNUxqQXdNQ0JESURFNU1pNDFPRElzT0RjdU1qTXlJREU1TWk0MU56SXNPRGN1TWpnMUlERTVPUzR3TURBc09EVXVNREF3SWlCemRISnZhMlV0ZDJsa2RHZzlJak11TVRNeklpQnpkSEp2YTJVOUltSnNZV05ySWlCbWFXeHNQU0p1YjI1bElpQnpkSEp2YTJVdGJHbHVaV05oY0QwaWNtOTFibVFpUGp3dmNHRjBhRDQ4Y0dGMGFDQmtQU0pOSURFNU9TNHdNREFzT0RVdU1EQXdJRU1nTWpBMExqSTVOeXc0TXk0MU5qVWdNakEwTGpBNE1pdzRNeTR5TXpJZ01qQTVMakF3TUN3NE1TNHdNREFpSUhOMGNtOXJaUzEzYVdSMGFEMGlNeTR5T1RBaUlITjBjbTlyWlQwaVlteGhZMnNpSUdacGJHdzlJbTV2Ym1VaUlITjBjbTlyWlMxc2FXNWxZMkZ3UFNKeWIzVnVaQ0krUEM5d1lYUm9Qanh3WVhSb0lHUTlJazBnTWpBNUxqQXdNQ3c0TVM0d01EQWdReUF5TVRVdU16TTBMRGMzTGpRd055QXlNVFV1TWprM0xEYzNMalUyTlNBeU1qRXVNREF3TERjekxqQXdNQ0lnYzNSeWIydGxMWGRwWkhSb1BTSXpMakV4TXlJZ2MzUnliMnRsUFNKaWJHRmpheUlnWm1sc2JEMGlibTl1WlNJZ2MzUnliMnRsTFd4cGJtVmpZWEE5SW5KdmRXNWtJajQ4TDNCaGRHZytQSEJoZEdnZ1pEMGlUU0F5TWpFdU1EQXdMRGN6TGpBd01DQkRJREl5TkM0eE1UVXNOekF1TVRBM0lESXlOQzR6TXpRc056QXVOREEzSURJeU55NHdNREFzTmpjdU1EQXdJaUJ6ZEhKdmEyVXRkMmxrZEdnOUlqTXVOVE0xSWlCemRISnZhMlU5SW1Kc1lXTnJJaUJtYVd4c1BTSnViMjVsSWlCemRISnZhMlV0YkdsdVpXTmhjRDBpY205MWJtUWlQand2Y0dGMGFENDhMM04yWno0PSI+PC9pbWFnZT48L3N2Zz4="`;

exports[`#toDataURL returns SVG image in data URL format 1`] = `"data:image/svg+xml;base64,PHN2ZyB4bWxucz0iaHR0cDovL3d3dy53My5vcmcvMjAwMC9zdmciIHhtbG5zOnhsaW5rPSJodHRwOi8vd3d3LnczLm9yZy8xOTk5L3hsaW5rIiB2aWV3Qm94PSIwIDAgMzAwIDE1MCIgd2lkdGg9IjMwMCIgaGVpZ2h0PSIxNTAiPjxjaXJjbGUgcj0iMS41IiBjeD0iMTI1IiBjeT0iNTQiIGZpbGw9ImJsYWNrIj48L2NpcmNsZT48Y2lyY2xlIHI9IjEuNSIgY3g9IjE3NSIgY3k9IjU0IiBmaWxsPSJibGFjayI+PC9jaXJjbGU+PHBhdGggZD0iTSA4My4wMDAsNTcuMDAwIEMgODMuMTc0LDYwLjUxMCA4NC4wMDAsNjAuMDAwIDg1LjAwMCw2My4wMDAiIHN0cm9rZS13aWR0aD0iNS41MDgiIHN0cm9rZT0iYmxhY2siIGZpbGw9Im5vbmUiIHN0cm9rZS1saW5lY2FwPSJyb3VuZCI+PC9wYXRoPjxwYXRoIGQ9Ik0gODUuMDAwLDYzLjAwMCBDIDg5LjA2MCw2OC4wNDggODguNjc0LDY4LjAxMCA5NC4wMDAsNzIuMDAwIiBzdHJva2Utd2lkdGg9IjQuNDA3IiBzdHJva2U9ImJsYWNrIiBmaWxsPSJub25lIiBzdHJva2UtbGluZWNhcD0icm91bmQiPjwvcGF0aD48cGF0aCBkPSJNIDk0LjAwMCw3Mi4wMDAgQyA5OS40ODgsNzUuNTE5IDk5LjA2MCw3Ni4wNDggMTA1LjAwMCw3OS4wMDAiIHN0cm9rZS13aWR0aD0iMy40MDIiIHN0cm9rZT0iYmxhY2siIGZpbGw9Im5vbmUiIHN0cm9rZS1saW5lY2FwPSJyb3VuZCI+PC9wYXRoPjxwYXRoIGQ9Ik0gMTA1LjAwMCw3OS4wMDAgQyAxMDguNzAwLDgyLjE1NyAxMDguOTg4LDgxLjUxOSAxMTMuMDAwLDg0LjAwMCIgc3Ryb2tlLXdpZHRoPSIzLjQ5NyIgc3Ryb2tlPSJibGFjayIgZmlsbD0ibm9uZSIgc3Ryb2tlLWxpbmVjYXA9InJvdW5kIj48L3BhdGg+PHBhdGggZD0iTSAxMTMuMDAwLDg0LjAwMCBDIDExOS41MDAsODYuMDAwIDExOS4yMDAsODYuNjU3IDEyNi4wMDAsODguMDAwIiBzdHJva2Utd2lkdGg9IjMuMjI4IiBzdHJva2U9ImJsYWNrIiBmaWxsPSJub25lIiBzdHJva2UtbGluZWNhcD0icm91bmQiPjwvcGF0aD48cGF0aCBkPSJNIDEyNi4wMDAsODguMDAwIEMgMTMyLjQwMiw5MC40MTYgMTMyLjUwMCw5MC4wMDAgMTM5LjAwMCw5Mi4wMDAiIHN0cm9rZS13aWR0aD0iMy4yMTEiIHN0cm9rZT0iYmxhY2siIGZpbGw9Im5vbmUiIHN0cm9rZS1saW5lY2FwPSJyb3VuZCI+PC9wYXRoPjxwYXRoIGQ9Ik0gMTM5LjAwMCw5Mi4wMDAgQyAxNDQuOTYxLDkzLjQ3NSAxNDQuOTAyLDkzLjQxNiAxNTEuMDAwLDk0LjAwMCIgc3Ryb2tlLXdpZHRoPSIzLjI1OCIgc3Ryb2tlPSJibGFjayIgZmlsbD0ibm9uZSIgc3Ryb2tlLWxpbmVjYXA9InJvdW5kIj48L3BhdGg+PHBhdGggZD0iTSAxNTEuMDAwLDk0LjAwMCBDIDE1Ni41NjksOTQuNjUyIDE1Ni40NjEsOTQuNDc1IDE2Mi4wMDAsOTQuMDAwIiBzdHJva2Utd2lkdGg9IjMuMzY2IiBzdHJva2U9ImJsYWNrIiBmaWxsPSJub25lIiBzdHJva2UtbGluZWNhcD0icm91bmQiPjwvcGF0aD48cGF0aCBkPSJNIDE2Mi4wMDAsOTQuMDAwIEMgMTY4Ljk5Miw5Mi40NjAgMTY5LjA2OSw5My4xNTIgMTc2LjAwMCw5MS4wMDAiIHN0cm9rZS13aWR0aD0iMy4wNzgiIHN0cm9rZT0iYmxhY2siIGZpbGw9Im5vbmUiIHN0cm9rZS1saW5lY2FwPSJyb3VuZCI+PC9wYXRoPjxwYXRoIGQ9Ik0gMTc2LjAwMCw5MS4wMDAgQyAxODEuMDcyLDkwLjI4NSAxODAuOTkyLDg5Ljk2MCAxODYuMDAwLDg5LjAwMCIgc3Ryb2tlLXdpZHRoPSIzLjM3MiIgc3Ryb2tlPSJibGFjayIgZmlsbD0ibm9uZSIgc3Ryb2tlLWxpbmVjYXA9InJvdW5kIj48L3BhdGg+PHBhdGggZD0iTSAxODYuMDAwLDg5LjAwMCBDIDE5Mi41ODIsODcuMjMyIDE5Mi41NzIsODcuMjg1IDE5OS4wMDAsODUuMDAwIiBzdHJva2Utd2lkdGg9IjMuMTMzIiBzdHJva2U9ImJsYWNrIiBmaWxsPSJub25lIiBzdHJva2UtbGluZWNhcD0icm91bmQiPjwvcGF0aD48cGF0aCBkPSJNIDE5OS4wMDAsODUuMDAwIEMgMjA0LjI5Nyw4My41NjUgMjA0LjA4Miw4My4yMzIgMjA5LjAwMCw4MS4wMDAiIHN0cm9rZS13aWR0aD0iMy4yOTAiIHN0cm9rZT0iYmxhY2siIGZpbGw9Im5vbmUiIHN0cm9rZS1saW5lY2FwPSJyb3VuZCI+PC9wYXRoPjxwYXRoIGQ9Ik0gMjA5LjAwMCw4MS4wMDAgQyAyMTUuMzM0LDc3LjQwNyAyMTUuMjk3LDc3LjU2NSAyMjEuMDAwLDczLjAwMCIgc3Ryb2tlLXdpZHRoPSIzLjExMyIgc3Ryb2tlPSJibGFjayIgZmlsbD0ibm9uZSIgc3Ryb2tlLWxpbmVjYXA9InJvdW5kIj48L3BhdGg+PHBhdGggZD0iTSAyMjEuMDAwLDczLjAwMCBDIDIyNC4xMTUsNzAuMTA3IDIyNC4zMzQsNzAuNDA3IDIyNy4wMDAsNjcuMDAwIiBzdHJva2Utd2lkdGg9IjMuNTM1IiBzdHJva2U9ImJsYWNrIiBmaWxsPSJub25lIiBzdHJva2UtbGluZWNhcD0icm91bmQiPjwvcGF0aD48L3N2Zz4="`;

exports[`#toDataURL returns SVG image in data URL format with high DPI 1`] = `"data:image/svg+xml;base64,PHN2ZyB4bWxucz0iaHR0cDovL3d3dy53My5vcmcvMjAwMC9zdmciIHhtbG5zOnhsaW5rPSJodHRwOi8vd3d3LnczLm9yZy8xOTk5L3hsaW5rIiB2aWV3Qm94PSIwIDAgMzAwIDE1MCIgd2lkdGg9IjMwMCIgaGVpZ2h0PSIxNTAiPjxjaXJjbGUgcj0iMS41IiBjeD0iMTI1IiBjeT0iNTQiIGZpbGw9ImJsYWNrIj48L2NpcmNsZT48Y2lyY2xlIHI9IjEuNSIgY3g9IjE3NSIgY3k9IjU0IiBmaWxsPSJibGFjayI+PC9jaXJjbGU+PHBhdGggZD0iTSA4My4wMDAsNTcuMDAwIEMgODMuMTc0LDYwLjUxMCA4NC4wMDAsNjAuMDAwIDg1LjAwMCw2My4wMDAiIHN0cm9rZS13aWR0aD0iNS41MDgiIHN0cm9rZT0iYmxhY2siIGZpbGw9Im5vbmUiIHN0cm9rZS1saW5lY2FwPSJyb3VuZCI+PC9wYXRoPjxwYXRoIGQ9Ik0gODUuMDAwLDYzLjAwMCBDIDg5LjA2MCw2OC4wNDggODguNjc0LDY4LjAxMCA5NC4wMDAsNzIuMDAwIiBzdHJva2Utd2lkdGg9IjQuNDA3IiBzdHJva2U9ImJsYWNrIiBmaWxsPSJub25lIiBzdHJva2UtbGluZWNhcD0icm91bmQiPjwvcGF0aD48cGF0aCBkPSJNIDk0LjAwMCw3Mi4wMDAgQyA5OS40ODgsNzUuNTE5IDk5LjA2MCw3Ni4wNDggMTA1LjAwMCw3OS4wMDAiIHN0cm9rZS13aWR0aD0iMy40MDIiIHN0cm9rZT0iYmxhY2siIGZpbGw9Im5vbmUiIHN0cm9rZS1saW5lY2FwPSJyb3VuZCI+PC9wYXRoPjxwYXRoIGQ9Ik0gMTA1LjAwMCw3OS4wMDAgQyAxMDguNzAwLDgyLjE1NyAxMDguOTg4LDgxLjUxOSAxMTMuMDAwLDg0LjAwMCIgc3Ryb2tlLXdpZHRoPSIzLjQ5NyIgc3Ryb2tlPSJibGFjayIgZmlsbD0ibm9uZSIgc3Ryb2tlLWxpbmVjYXA9InJvdW5kIj48L3BhdGg+PHBhdGggZD0iTSAxMTMuMDAwLDg0LjAwMCBDIDExOS41MDAsODYuMDAwIDExOS4yMDAsODYuNjU3IDEyNi4wMDAsODguMDAwIiBzdHJva2Utd2lkdGg9IjMuMjI4IiBzdHJva2U9ImJsYWNrIiBmaWxsPSJub25lIiBzdHJva2UtbGluZWNhcD0icm91bmQiPjwvcGF0aD48cGF0aCBkPSJNIDEyNi4wMDAsODguMDAwIEMgMTMyLjQwMiw5MC40MTYgMTMyLjUwMCw5MC4wMDAgMTM5LjAwMCw5Mi4wMDAiIHN0cm9rZS13aWR0aD0iMy4yMTEiIHN0cm9rZT0iYmxhY2siIGZpbGw9Im5vbmUiIHN0cm9rZS1saW5lY2FwPSJyb3VuZCI+PC9wYXRoPjxwYXRoIGQ9Ik0gMTM5LjAwMCw5Mi4wMDAgQyAxNDQuOTYxLDkzLjQ3NSAxNDQuOTAyLDkzLjQxNiAxNTEuMDAwLDk0LjAwMCIgc3Ryb2tlLXdpZHRoPSIzLjI1OCIgc3Ryb2tlPSJibGFjayIgZmlsbD0ibm9uZSIgc3Ryb2tlLWxpbmVjYXA9InJvdW5kIj48L3BhdGg+PHBhdGggZD0iTSAxNTEuMDAwLDk0LjAwMCBDIDE1Ni41NjksOTQuNjUyIDE1Ni40NjEsOTQuNDc1IDE2Mi4wMDAsOTQuMDAwIiBzdHJva2Utd2lkdGg9IjMuMzY2IiBzdHJva2U9ImJsYWNrIiBmaWxsPSJub25lIiBzdHJva2UtbGluZWNhcD0icm91bmQiPjwvcGF0aD48cGF0aCBkPSJNIDE2Mi4wMDAsOTQuMDAwIEMgMTY4Ljk5Miw5Mi40NjAgMTY5LjA2OSw5My4xNTIgMTc2LjAwMCw5MS4wMDAiIHN0cm9rZS13aWR0aD0iMy4wNzgiIHN0cm9rZT0iYmxhY2siIGZpbGw9Im5vbmUiIHN0cm9rZS1saW5lY2FwPSJyb3VuZCI+PC9wYXRoPjxwYXRoIGQ9Ik0gMTc2LjAwMCw5MS4wMDAgQyAxODEuMDcyLDkwLjI4NSAxODAuOTkyLDg5Ljk2MCAxODYuMDAwLDg5LjAwMCIgc3Ryb2tlLXdpZHRoPSIzLjM3MiIgc3Ryb2tlPSJibGFjayIgZmlsbD0ibm9uZSIgc3Ryb2tlLWxpbmVjYXA9InJvdW5kIj48L3BhdGg+PHBhdGggZD0iTSAxODYuMDAwLDg5LjAwMCBDIDE5Mi41ODIsODcuMjMyIDE5Mi41NzIsODcuMjg1IDE5OS4wMDAsODUuMDAwIiBzdHJva2Utd2lkdGg9IjMuMTMzIiBzdHJva2U9ImJsYWNrIiBmaWxsPSJub25lIiBzdHJva2UtbGluZWNhcD0icm91bmQiPjwvcGF0aD48cGF0aCBkPSJNIDE5OS4wMDAsODUuMDAwIEMgMjA0LjI5Nyw4My41NjUgMjA0LjA4Miw4My4yMzIgMjA5LjAwMCw4MS4wMDAiIHN0cm9rZS13aWR0aD0iMy4yOTAiIHN0cm9rZT0iYmxhY2siIGZpbGw9Im5vbmUiIHN0cm9rZS1saW5lY2FwPSJyb3VuZCI+PC9wYXRoPjxwYXRoIGQ9Ik0gMjA5LjAwMCw4MS4wMDAgQyAyMTUuMzM0LDc3LjQwNyAyMTUuMjk3LDc3LjU2NSAyMjEuMDAwLDczLjAwMCIgc3Ryb2tlLXdpZHRoPSIzLjExMyIgc3Ryb2tlPSJibGFjayIgZmlsbD0ibm9uZSIgc3Ryb2tlLWxpbmVjYXA9InJvdW5kIj48L3BhdGg+PHBhdGggZD0iTSAyMjEuMDAwLDczLjAwMCBDIDIyNC4xMTUsNzAuMTA3IDIyNC4zMzQsNzAuNDA3IDIyNy4wMDAsNjcuMDAwIiBzdHJva2Utd2lkdGg9IjMuNTM1IiBzdHJva2U9ImJsYWNrIiBmaWxsPSJub25lIiBzdHJva2UtbGluZWNhcD0icm91bmQiPjwvcGF0aD48L3N2Zz4="`;

exports[`#toDataURL returns SVG image with backgroundColor 1`] = `"data:image/svg+xml;base64,PHN2ZyB4bWxucz0iaHR0cDovL3d3dy53My5vcmcvMjAwMC9zdmciIHhtbG5zOnhsaW5rPSJodHRwOi8vd3d3LnczLm9yZy8xOTk5L3hsaW5rIiB2aWV3Qm94PSIwIDAgMzAwIDE1MCIgd2lkdGg9IjMwMCIgaGVpZ2h0PSIxNTAiPjxyZWN0IHdpZHRoPSIxMDAlIiBoZWlnaHQ9IjEwMCUiIGZpbGw9IiNmY2MiPjwvcmVjdD48Y2lyY2xlIHI9IjEuNSIgY3g9IjEyNSIgY3k9IjU0IiBmaWxsPSJibGFjayI+PC9jaXJjbGU+PGNpcmNsZSByPSIxLjUiIGN4PSIxNzUiIGN5PSI1NCIgZmlsbD0iYmxhY2siPjwvY2lyY2xlPjxwYXRoIGQ9Ik0gODMuMDAwLDU3LjAwMCBDIDgzLjE3NCw2MC41MTAgODQuMDAwLDYwLjAwMCA4NS4wMDAsNjMuMDAwIiBzdHJva2Utd2lkdGg9IjUuNTA4IiBzdHJva2U9ImJsYWNrIiBmaWxsPSJub25lIiBzdHJva2UtbGluZWNhcD0icm91bmQiPjwvcGF0aD48cGF0aCBkPSJNIDg1LjAwMCw2My4wMDAgQyA4OS4wNjAsNjguMDQ4IDg4LjY3NCw2OC4wMTAgOTQuMDAwLDcyLjAwMCIgc3Ryb2tlLXdpZHRoPSI0LjQwNyIgc3Ryb2tlPSJibGFjayIgZmlsbD0ibm9uZSIgc3Ryb2tlLWxpbmVjYXA9InJvdW5kIj48L3BhdGg+PHBhdGggZD0iTSA5NC4wMDAsNzIuMDAwIEMgOTkuNDg4LDc1LjUxOSA5OS4wNjAsNzYuMDQ4IDEwNS4wMDAsNzkuMDAwIiBzdHJva2Utd2lkdGg9IjMuNDAyIiBzdHJva2U9ImJsYWNrIiBmaWxsPSJub25lIiBzdHJva2UtbGluZWNhcD0icm91bmQiPjwvcGF0aD48cGF0aCBkPSJNIDEwNS4wMDAsNzkuMDAwIEMgMTA4LjcwMCw4Mi4xNTcgMTA4Ljk4OCw4MS41MTkgMTEzLjAwMCw4NC4wMDAiIHN0cm9rZS13aWR0aD0iMy40OTciIHN0cm9rZT0iYmxhY2siIGZpbGw9Im5vbmUiIHN0cm9rZS1saW5lY2FwPSJyb3VuZCI+PC9wYXRoPjxwYXRoIGQ9Ik0gMTEzLjAwMCw4NC4wMDAgQyAxMTkuNTAwLDg2LjAwMCAxMTkuMjAwLDg2LjY1NyAxMjYuMDAwLDg4LjAwMCIgc3Ryb2tlLXdpZHRoPSIzLjIyOCIgc3Ryb2tlPSJibGFjayIgZmlsbD0ibm9uZSIgc3Ryb2tlLWxpbmVjYXA9InJvdW5kIj48L3BhdGg+PHBhdGggZD0iTSAxMjYuMDAwLDg4LjAwMCBDIDEzMi40MDIsOTAuNDE2IDEzMi41MDAsOTAuMDAwIDEzOS4wMDAsOTIuMDAwIiBzdHJva2Utd2lkdGg9IjMuMjExIiBzdHJva2U9ImJsYWNrIiBmaWxsPSJub25lIiBzdHJva2UtbGluZWNhcD0icm91bmQiPjwvcGF0aD48cGF0aCBkPSJNIDEzOS4wMDAsOTIuMDAwIEMgMTQ0Ljk2MSw5My40NzUgMTQ0LjkwMiw5My40MTYgMTUxLjAwMCw5NC4wMDAiIHN0cm9rZS13aWR0aD0iMy4yNTgiIHN0cm9rZT0iYmxhY2siIGZpbGw9Im5vbmUiIHN0cm9rZS1saW5lY2FwPSJyb3VuZCI+PC9wYXRoPjxwYXRoIGQ9Ik0gMTUxLjAwMCw5NC4wMDAgQyAxNTYuNTY5LDk0LjY1MiAxNTYuNDYxLDk0LjQ3NSAxNjIuMDAwLDk0LjAwMCIgc3Ryb2tlLXdpZHRoPSIzLjM2NiIgc3Ryb2tlPSJibGFjayIgZmlsbD0ibm9uZSIgc3Ryb2tlLWxpbmVjYXA9InJvdW5kIj48L3BhdGg+PHBhdGggZD0iTSAxNjIuMDAwLDk0LjAwMCBDIDE2OC45OTIsOTIuNDYwIDE2OS4wNjksOTMuMTUyIDE3Ni4wMDAsOTEuMDAwIiBzdHJva2Utd2lkdGg9IjMuMDc4IiBzdHJva2U9ImJsYWNrIiBmaWxsPSJub25lIiBzdHJva2UtbGluZWNhcD0icm91bmQiPjwvcGF0aD48cGF0aCBkPSJNIDE3Ni4wMDAsOTEuMDAwIEMgMTgxLjA3Miw5MC4yODUgMTgwLjk5Miw4OS45NjAgMTg2LjAwMCw4OS4wMDAiIHN0cm9rZS13aWR0aD0iMy4zNzIiIHN0cm9rZT0iYmxhY2siIGZpbGw9Im5vbmUiIHN0cm9rZS1saW5lY2FwPSJyb3VuZCI+PC9wYXRoPjxwYXRoIGQ9Ik0gMTg2LjAwMCw4OS4wMDAgQyAxOTIuNTgyLDg3LjIzMiAxOTIuNTcyLDg3LjI4NSAxOTkuMDAwLDg1LjAwMCIgc3Ryb2tlLXdpZHRoPSIzLjEzMyIgc3Ryb2tlPSJibGFjayIgZmlsbD0ibm9uZSIgc3Ryb2tlLWxpbmVjYXA9InJvdW5kIj48L3BhdGg+PHBhdGggZD0iTSAxOTkuMDAwLDg1LjAwMCBDIDIwNC4yOTcsODMuNTY1IDIwNC4wODIsODMuMjMyIDIwOS4wMDAsODEuMDAwIiBzdHJva2Utd2lkdGg9IjMuMjkwIiBzdHJva2U9ImJsYWNrIiBmaWxsPSJub25lIiBzdHJva2UtbGluZWNhcD0icm91bmQiPjwvcGF0aD48cGF0aCBkPSJNIDIwOS4wMDAsODEuMDAwIEMgMjE1LjMzNCw3Ny40MDcgMjE1LjI5Nyw3Ny41NjUgMjIxLjAwMCw3My4wMDAiIHN0cm9rZS13aWR0aD0iMy4xMTMiIHN0cm9rZT0iYmxhY2siIGZpbGw9Im5vbmUiIHN0cm9rZS1saW5lY2FwPSJyb3VuZCI+PC9wYXRoPjxwYXRoIGQ9Ik0gMjIxLjAwMCw3My4wMDAgQyAyMjQuMTE1LDcwLjEwNyAyMjQuMzM0LDcwLjQwNyAyMjcuMDAwLDY3LjAwMCIgc3Ryb2tlLXdpZHRoPSIzLjUzNSIgc3Ryb2tlPSJibGFjayIgZmlsbD0ibm9uZSIgc3Ryb2tlLWxpbmVjYXA9InJvdW5kIj48L3BhdGg+PC9zdmc+"`;

exports[`#toSVG returns SVG image 1`] = `"<svg xmlns="http://www.w3.org/2000/svg" xmlns:xlink="http://www.w3.org/1999/xlink" viewBox="0 0 300 150" width="300" height="150"><circle r="1.5" cx="125" cy="54" fill="black"></circle><circle r="1.5" cx="175" cy="54" fill="black"></circle><path d="M 83.000,57.000 C 83.174,60.510 84.000,60.000 85.000,63.000" stroke-width="5.508" stroke="black" fill="none" stroke-linecap="round"></path><path d="M 85.000,63.000 C 89.060,68.048 88.674,68.010 94.000,72.000" stroke-width="4.407" stroke="black" fill="none" stroke-linecap="round"></path><path d="M 94.000,72.000 C 99.488,75.519 99.060,76.048 105.000,79.000" stroke-width="3.402" stroke="black" fill="none" stroke-linecap="round"></path><path d="M 105.000,79.000 C 108.700,82.157 108.988,81.519 113.000,84.000" stroke-width="3.497" stroke="black" fill="none" stroke-linecap="round"></path><path d="M 113.000,84.000 C 119.500,86.000 119.200,86.657 126.000,88.000" stroke-width="3.228" stroke="black" fill="none" stroke-linecap="round"></path><path d="M 126.000,88.000 C 132.402,90.416 132.500,90.000 139.000,92.000" stroke-width="3.211" stroke="black" fill="none" stroke-linecap="round"></path><path d="M 139.000,92.000 C 144.961,93.475 144.902,93.416 151.000,94.000" stroke-width="3.258" stroke="black" fill="none" stroke-linecap="round"></path><path d="M 151.000,94.000 C 156.569,94.652 156.461,94.475 162.000,94.000" stroke-width="3.366" stroke="black" fill="none" stroke-linecap="round"></path><path d="M 162.000,94.000 C 168.992,92.460 169.069,93.152 176.000,91.000" stroke-width="3.078" stroke="black" fill="none" stroke-linecap="round"></path><path d="M 176.000,91.000 C 181.072,90.285 180.992,89.960 186.000,89.000" stroke-width="3.372" stroke="black" fill="none" stroke-linecap="round"></path><path d="M 186.000,89.000 C 192.582,87.232 192.572,87.285 199.000,85.000" stroke-width="3.133" stroke="black" fill="none" stroke-linecap="round"></path><path d="M 199.000,85.000 C 204.297,83.565 204.082,83.232 209.000,81.000" stroke-width="3.290" stroke="black" fill="none" stroke-linecap="round"></path><path d="M 209.000,81.000 C 215.334,77.407 215.297,77.565 221.000,73.000" stroke-width="3.113" stroke="black" fill="none" stroke-linecap="round"></path><path d="M 221.000,73.000 C 224.115,70.107 224.334,70.407 227.000,67.000" stroke-width="3.535" stroke="black" fill="none" stroke-linecap="round"></path></svg>"`;

exports[`#toSVG returns SVG image with backgroundColor 1`] = `"<svg xmlns="http://www.w3.org/2000/svg" xmlns:xlink="http://www.w3.org/1999/xlink" viewBox="0 0 300 150" width="300" height="150"><rect width="100%" height="100%" fill="#fcc"></rect><circle r="1.5" cx="125" cy="54" fill="black"></circle><circle r="1.5" cx="175" cy="54" fill="black"></circle><path d="M 83.000,57.000 C 83.174,60.510 84.000,60.000 85.000,63.000" stroke-width="5.508" stroke="black" fill="none" stroke-linecap="round"></path><path d="M 85.000,63.000 C 89.060,68.048 88.674,68.010 94.000,72.000" stroke-width="4.407" stroke="black" fill="none" stroke-linecap="round"></path><path d="M 94.000,72.000 C 99.488,75.519 99.060,76.048 105.000,79.000" stroke-width="3.402" stroke="black" fill="none" stroke-linecap="round"></path><path d="M 105.000,79.000 C 108.700,82.157 108.988,81.519 113.000,84.000" stroke-width="3.497" stroke="black" fill="none" stroke-linecap="round"></path><path d="M 113.000,84.000 C 119.500,86.000 119.200,86.657 126.000,88.000" stroke-width="3.228" stroke="black" fill="none" stroke-linecap="round"></path><path d="M 126.000,88.000 C 132.402,90.416 132.500,90.000 139.000,92.000" stroke-width="3.211" stroke="black" fill="none" stroke-linecap="round"></path><path d="M 139.000,92.000 C 144.961,93.475 144.902,93.416 151.000,94.000" stroke-width="3.258" stroke="black" fill="none" stroke-linecap="round"></path><path d="M 151.000,94.000 C 156.569,94.652 156.461,94.475 162.000,94.000" stroke-width="3.366" stroke="black" fill="none" stroke-linecap="round"></path><path d="M 162.000,94.000 C 168.992,92.460 169.069,93.152 176.000,91.000" stroke-width="3.078" stroke="black" fill="none" stroke-linecap="round"></path><path d="M 176.000,91.000 C 181.072,90.285 180.992,89.960 186.000,89.000" stroke-width="3.372" stroke="black" fill="none" stroke-linecap="round"></path><path d="M 186.000,89.000 C 192.582,87.232 192.572,87.285 199.000,85.000" stroke-width="3.133" stroke="black" fill="none" stroke-linecap="round"></path><path d="M 199.000,85.000 C 204.297,83.565 204.082,83.232 209.000,81.000" stroke-width="3.290" stroke="black" fill="none" stroke-linecap="round"></path><path d="M 209.000,81.000 C 215.334,77.407 215.297,77.565 221.000,73.000" stroke-width="3.113" stroke="black" fill="none" stroke-linecap="round"></path><path d="M 221.000,73.000 C 224.115,70.107 224.334,70.407 227.000,67.000" stroke-width="3.535" stroke="black" fill="none" stroke-linecap="round"></path></svg>"`;

exports[`#toSVG returns SVG image with high DPI 1`] = `"<svg xmlns="http://www.w3.org/2000/svg" xmlns:xlink="http://www.w3.org/1999/xlink" viewBox="0 0 300 150" width="300" height="150"><circle r="1.5" cx="125" cy="54" fill="black"></circle><circle r="1.5" cx="175" cy="54" fill="black"></circle><path d="M 83.000,57.000 C 83.174,60.510 84.000,60.000 85.000,63.000" stroke-width="5.508" stroke="black" fill="none" stroke-linecap="round"></path><path d="M 85.000,63.000 C 89.060,68.048 88.674,68.010 94.000,72.000" stroke-width="4.407" stroke="black" fill="none" stroke-linecap="round"></path><path d="M 94.000,72.000 C 99.488,75.519 99.060,76.048 105.000,79.000" stroke-width="3.402" stroke="black" fill="none" stroke-linecap="round"></path><path d="M 105.000,79.000 C 108.700,82.157 108.988,81.519 113.000,84.000" stroke-width="3.497" stroke="black" fill="none" stroke-linecap="round"></path><path d="M 113.000,84.000 C 119.500,86.000 119.200,86.657 126.000,88.000" stroke-width="3.228" stroke="black" fill="none" stroke-linecap="round"></path><path d="M 126.000,88.000 C 132.402,90.416 132.500,90.000 139.000,92.000" stroke-width="3.211" stroke="black" fill="none" stroke-linecap="round"></path><path d="M 139.000,92.000 C 144.961,93.475 144.902,93.416 151.000,94.000" stroke-width="3.258" stroke="black" fill="none" stroke-linecap="round"></path><path d="M 151.000,94.000 C 156.569,94.652 156.461,94.475 162.000,94.000" stroke-width="3.366" stroke="black" fill="none" stroke-linecap="round"></path><path d="M 162.000,94.000 C 168.992,92.460 169.069,93.152 176.000,91.000" stroke-width="3.078" stroke="black" fill="none" stroke-linecap="round"></path><path d="M 176.000,91.000 C 181.072,90.285 180.992,89.960 186.000,89.000" stroke-width="3.372" stroke="black" fill="none" stroke-linecap="round"></path><path d="M 186.000,89.000 C 192.582,87.232 192.572,87.285 199.000,85.000" stroke-width="3.133" stroke="black" fill="none" stroke-linecap="round"></path><path d="M 199.000,85.000 C 204.297,83.565 204.082,83.232 209.000,81.000" stroke-width="3.290" stroke="black" fill="none" stroke-linecap="round"></path><path d="M 209.000,81.000 C 215.334,77.407 215.297,77.565 221.000,73.000" stroke-width="3.113" stroke="black" fill="none" stroke-linecap="round"></path><path d="M 221.000,73.000 C 224.115,70.107 224.334,70.407 227.000,67.000" stroke-width="3.535" stroke="black" fill="none" stroke-linecap="round"></path></svg>"`;

exports[`user interactions allows user to paint on the pad 1`] = `"data:image/svg+xml;base64,PHN2ZyB4bWxucz0iaHR0cDovL3d3dy53My5vcmcvMjAwMC9zdmciIHhtbG5zOnhsaW5rPSJodHRwOi8vd3d3LnczLm9yZy8xOTk5L3hsaW5rIiB2aWV3Qm94PSIwIDAgMzAwIDE1MCIgd2lkdGg9IjMwMCIgaGVpZ2h0PSIxNTAiPjxjaXJjbGUgcj0iMS41IiBjeD0iNTAiIGN5PSIzMCIgZmlsbD0iYmxhY2siPjwvY2lyY2xlPjxjaXJjbGUgcj0iMS41IiBjeD0iMjQwIiBjeT0iMzAiIGZpbGw9ImJsYWNrIj48L2NpcmNsZT48Y2lyY2xlIHI9IjEuNSIgY3g9IjE1MCIgY3k9IjEyMCIgZmlsbD0iYmxhY2siPjwvY2lyY2xlPjwvc3ZnPg=="`;
